// Jest Snapshot v1, https://goo.gl/fbAQLP

exports[`Given options argument was not provided should use default options and read "process.env" as source 1`] = `
Object {
  "array": Array [
    1,
    2,
    3,
    "string",
    Object {
      "prop": "value",
    },
    5.2,
  ],
  "false": false,
  "float": 5.2456,
  "int": 5,
  "invalidArray": "[1,2,3, \\"string\\", ]{\\"prop\\": \\"value\\"}, 5.2]",
  "invalidObject": "{\\"prop\\": }\\"value\\"}",
  "object": Object {
    "prop": "value",
  },
  "string": "example",
  "true": true,
}
`;
