// Jest Snapshot v1, https://goo.gl/fbAQLP

exports[`Given options argument was not provided should return an object with sanitized values 1`] = `
Object {
  "array": Array [
    1,
    2,
    3,
    "string",
    Object {
      "prop": "value",
    },
    5.2,
  ],
  "convertsCamelcase": "camelCase",
  "convertsLowercase": "lowercase",
  "convertsUppercase": "uppercase",
  "doNtTRanSFoRmMe": "dontTransform",
  "exampleKey": "exampleExample",
  "false": false,
  "float": 5.2456,
  "int": 5,
  "object": Object {
    "prop": "value",
  },
  "string": "example",
  "subInt": 7,
  "subString": "subExample",
  "true": true,
}
`;
